<?xml version="1.0" encoding="UTF-8"?>
<testsuites name="jest tests" tests="1" failures="0" errors="0" time="0.345">
  <testsuite name="Hello World Test" errors="0" failures="0" skipped="0" timestamp="2025-06-11T09:34:47" time="0.152" tests="1">
    <testcase classname="Hello World Test should return hello world" name="Hello World Test should return hello world" time="0.001">
    </testcase>
  </testsuite>
</testsuites>